{
  "message": "Key: 'Id' Error:Field validation for 'Id' failed on the 'numeric' tag"

}
