[
  {
    "id": 1,
    "title": "test1",
    "status": "todo",
    "created_at": "2022-01-01T01:01:00Z",
    "modified_at": "2022-01-01T01:01:00Z"
  },
  {
    "id": 2,
    "title": "test2",
    "status": "done",
    "created_at": "2022-01-01T01:01:00Z",
    "modified_at": "2022-01-01T01:01:00Z"
  }
]
